// Jest Snapshot v1, https://goo.gl/fbAQLP

exports[`creates a survivor 1`] = `
Object {
  "abilities": Array [],
  "accuracy": 0,
  "cannotUseAbilities": false,
  "cannotUseFightingArts": false,
  "cannotUseSurvival": false,
  "courage": 0,
  "disorders": Array [],
  "dragonTraits": Object {
    "accuracy": false,
    "championsRite": false,
    "courage": false,
    "destined": false,
    "fatedBlow": false,
    "frozenStar": false,
    "iridescentHide": false,
    "noble": false,
    "oraclesEye": false,
    "pristine": false,
    "reincarnated": false,
    "scar": false,
    "strength": false,
    "unbreakable": false,
    "understanding": false,
    "weaponMaster": false,
  },
  "evasion": 0,
  "fightingArts": Array [],
  "gender": "male",
  "hunt xp": 0,
  "id": "test",
  "insanity": 0,
  "luck": 0,
  "movement": 5,
  "name": "Unnamed",
  "notes": "",
  "rerollUsed": false,
  "skipNextHunt": false,
  "speed": 0,
  "status": "alive",
  "strength": 0,
  "survival": 1,
  "understanding": 0,
  "weaponProficiency": undefined,
  "weaponProficiencyLevel": 0,
}
`;
